../Core/Src/main.c:103:5:main	8	static
../Core/Src/main.c:170:6:SystemClock_Config	88	static
../Core/Src/main.c:218:13:MX_USART2_UART_Init	8	static
../Core/Src/main.c:244:13:MX_GPIO_Init	48	static
../Core/Src/main.c:279:6:StartTask1	16	static
../Core/Src/main.c:324:6:StartTask2	16	static
../Core/Src/main.c:354:6:StartTask3	16	static
../Core/Src/main.c:381:6:StartTask4	64	static
../Core/Src/main.c:404:6:StartTask5	104	static
../Core/Src/main.c:435:6:StartTask6	96	static
../Core/Src/main.c:474:6:HAL_TIM_PeriodElapsedCallback	16	static
../Core/Src/main.c:488:6:Error_Handler	4	static,ignoring_inline_asm
