../Core/Src/main.c:120:5:main	8	static
../Core/Src/main.c:220:6:SystemClock_Config	88	static
../Core/Src/main.c:275:13:MX_USART2_UART_Init	8	static
../Core/Src/main.c:308:13:MX_GPIO_Init	48	static
../Core/Src/main.c:354:6:StartTask1	24	static
../Core/Src/main.c:390:6:StartTask2	16	static
../Core/Src/main.c:418:6:StartTask3	16	static
../Core/Src/main.c:458:6:StartTask4	16	static
../Core/Src/main.c:493:6:StartTask5	80	static
../Core/Src/main.c:527:6:HAL_TIM_PeriodElapsedCallback	16	static
../Core/Src/main.c:544:6:Error_Handler	4	static,ignoring_inline_asm
